
╔═══════════════════════════════════════════════════════════════╗
║       تست جامع سیستم Comments - 20 بخش (150+ تست)          ║
╚═══════════════════════════════════════════════════════════════╝


═════════════════════════════════════════════════════════════════
  1️⃣ Architecture & Code (وزن: 20%)
═════════════════════════════════════════════════════════════════
  ✓ CommentController exists
  ✓ CommentService exists
  ✓ Comment model exists
  ✓ CommentPolicy exists
  ✓ CreateCommentRequest exists
  ✓ CheckReplyPermission middleware exists
  ✓ CommentController->index
  ✓ CommentController->store
  ✓ CommentController->destroy
  ✓ CommentController->like
  ✓ CommentService->createComment
  ✓ CommentService->deleteComment
  ✗ CommentService->getPostComments
  ✓ Comment->user relationship
  ✓ Comment->post relationship
  ✓ Comment->likes relationship
  ✓ CommentPolicy->view
  ✓ CommentPolicy->create
  ✓ CommentPolicy->delete

═════════════════════════════════════════════════════════════════
  2️⃣ Database & Schema (وزن: 15%)
═════════════════════════════════════════════════════════════════
  ✓ Table comments exists
  ✓ comments.id
  ✓ comments.user_id
  ✓ comments.post_id
  ✓ comments.content
  ✓ comments.likes_count
  ✓ comments.created_at
  ✓ comments.updated_at
  ✓ Index comments.user_id
  ✓ Index comments.post_id
  ✓ Index comments.created_at
  ✓ FK comments.user_id
  ✓ FK comments.post_id
  ✓ comments.user_id NOT NULL
  ✓ comments.post_id NOT NULL
  ✓ comments.content NOT NULL
  ✓ comments.likes_count DEFAULT 0

═════════════════════════════════════════════════════════════════
  3️⃣ API & Routes (وزن: 15%)
═════════════════════════════════════════════════════════════════
  ✓ GET /api/posts/{post}/comments
  ✓ POST /api/posts/{post}/comments
  ✓ DELETE /api/comments/{comment}
  ✓ POST /api/comments/{comment}/like
  ✓ Auth middleware applied
  ✓ Throttle middleware applied
  ✓ Route POST comments has auth
  ✓ Route DELETE comments has auth

═════════════════════════════════════════════════════════════════
  4️⃣ Security (وزن: 20%)
═════════════════════════════════════════════════════════════════
  ✓ CommentPolicy exists
  ✓ CommentPolicy->viewAny
  ✓ CommentPolicy->view
  ✓ CommentPolicy->create
  ✓ CommentPolicy->delete
  ✓ Permission comment.create
  ✓ Permission comment.delete.own
  ✓ Permission comment.delete.any
  ✓ Permission comment.like
  ✓ Role user has comment.create
  ✓ XSS protection
  ✓ SQL injection protection
  ✓ Mass assignment protection
  ✓ Mass assignment likes_count
  ✓ CheckReplyPermission middleware
  ✗ Rate limiting on create
  ✗ CSRF protection
  ✓ Authorization in controller
  ✓ Input sanitization
  ✓ Security headers middleware
  ✗ Spam check before save
  ✗ Rate limit per user
  ✗ Authorization check in delete
  ✓ XSS in nested content

═════════════════════════════════════════════════════════════════
  5️⃣ Validation (وزن: 10%)
═════════════════════════════════════════════════════════════════
  ✓ CreateCommentRequest exists
  ✓ CreateCommentRequest->rules
  ✓ CreateCommentRequest->authorize
  ✓ Validation rules content
  ✓ Config validation exists
  ✓ Config max_length
  ✓ No hardcoded validation

═════════════════════════════════════════════════════════════════
  6️⃣ Business Logic (وزن: 10%)
═════════════════════════════════════════════════════════════════
  ✓ Create comment works
  ✓ Delete comment works
  ✓ Comment increments post comments_count
  ✓ Delete decrements post comments_count
  ✓ Like increments likes_count
  ✓ Comment->user relationship works
  ✓ Comment->post relationship works
  ✓ Cannot comment on draft post
  ✓ Reply settings: everyone
  ✓ Spam detection integration
  ✓ Transaction support
  ✓ Comment content trimmed
  ✗ Empty content rejected
  ✗ Long content rejected
  ✓ Comment timestamps

═════════════════════════════════════════════════════════════════
  7️⃣ Integration (وزن: 5%)
═════════════════════════════════════════════════════════════════
  ✓ Block system integration
  ✓ Mute system integration
  ✗ Notification on comment
  ✓ Notification on mention
  ✓ Event CommentCreated
  ✓ Listener SendCommentNotification
  ✓ Analytics integration
  ✗ Cache integration
  ✓ Queue integration
  ✗ Broadcasting integration
  ✗ Reply settings integration

═════════════════════════════════════════════════════════════════
  8️⃣ Testing (وزن: 5%)
═════════════════════════════════════════════════════════════════
  ✓ CommentSystemTest exists
  ✓ Foreign key cascade
  ✓ Model casts
  ✓ Factory exists
  ✓ Migration exists
  ✓ Resource CommentResource

═════════════════════════════════════════════════════════════════
  9️⃣ Data Integrity & Transactions (وزن: 5%)
═════════════════════════════════════════════════════════════════
  ✓ Transaction rollback works
  ✓ Unique constraint on composite key
  ✓ Data consistency on delete

═════════════════════════════════════════════════════════════════
  🔟 Performance & Optimization (وزن: 5%)
═════════════════════════════════════════════════════════════════
  ✓ Eager loading works
  ✓ Pagination support
  ✓ Index on created_at exists

═════════════════════════════════════════════════════════════════
  1️⃣1️⃣ Configuration (وزن: 3%)
═════════════════════════════════════════════════════════════════
  ✓ Config validation.content.comment exists
  ✓ Config max_length defined
  ✓ Config min_length defined

═════════════════════════════════════════════════════════════════
  1️⃣2️⃣ Error Handling (وزن: 3%)
═════════════════════════════════════════════════════════════════
  ✓ 404 on non-existent comment
  ✓ Exception handling in service

═════════════════════════════════════════════════════════════════
  1️⃣3️⃣ Resources & DTOs (وزن: 3%)
═════════════════════════════════════════════════════════════════
  ✓ CommentResource exists
  ✓ CommentResource->toArray
  ✓ CommentDTO exists

═════════════════════════════════════════════════════════════════
  1️⃣4️⃣ Events & Listeners (وزن: 3%)
═════════════════════════════════════════════════════════════════
  ✓ CommentCreated event
  ✓ CommentDeleted event
  ✓ SendCommentNotification listener

═════════════════════════════════════════════════════════════════
  1️⃣5️⃣ Jobs & Queues (وزن: 3%)
═════════════════════════════════════════════════════════════════
  ✓ ProcessComment job
  ✓ Job implements ShouldQueue

═════════════════════════════════════════════════════════════════
  1️⃣6️⃣ Observers (وزن: 2%)
═════════════════════════════════════════════════════════════════
  ✓ CommentObserver exists
  ✗ Observer registered: file_get_contents(C:\Users\Venus\Desktop\wonderway

═════════════════════════════════════════════════════════════════
  1️⃣7️⃣ Middleware (وزن: 2%)
═════════════════════════════════════════════════════════════════
  ✓ CheckReplyPermission middleware
  ✗ Middleware registered in routes

═════════════════════════════════════════════════════════════════
  1️⃣8️⃣ Scopes & Accessors (وزن: 2%)
═════════════════════════════════════════════════════════════════
  ✓ Scope recent
  ✓ Scope forPost

═════════════════════════════════════════════════════════════════
  1️⃣9️⃣ Factories & Seeders (وزن: 2%)
═════════════════════════════════════════════════════════════════
  ✓ CommentFactory exists
  ✓ CommentSeeder exists

═════════════════════════════════════════════════════════════════
  2️⃣0️⃣ Broadcasting & Real-time (وزن: 2%)
═════════════════════════════════════════════════════════════════
  ✗ Event broadcasts
  ✓ Broadcasting configured

🧹 پاکسازی...
  ✓ پاکسازی انجام شد

═════════════════════════════════════════════════════════════════
                         گزارش نهایی
═════════════════════════════════════════════════════════════════

📊 آمار کلی:
  • کل تستها: 136
  • موفق: 121 ✓
  • ناموفق: 15 ✗
  • هشدار: 0 ⚠
  • درصد موفقیت: 89%

📋 نمره بخشها:
  1️⃣ Architecture & Code: 95% (وزن: 20% = 19.0 امتیاز)
  2️⃣ Database & Schema: 94% (وزن: 15% = 14.1 امتیاز)
  3️⃣ API & Routes: 89% (وزن: 15% = 13.4 امتیاز)
  4️⃣ Security: 95% (وزن: 20% = 19.0 امتیاز)
  5️⃣ Validation: 88% (وزن: 10% = 8.8 امتیاز)
  6️⃣ Business Logic: 93% (وزن: 10% = 9.3 امتیاز)
  7️⃣ Integration: 88% (وزن: 5% = 4.4 امتیاز)
  8️⃣ Testing: 86% (وزن: 5% = 4.3 امتیاز)
  9️⃣ Data Integrity & Transactions: 75% (وزن: 5% = 3.8 امتیاز)
  🔟 Performance & Optimization: 75% (وزن: 5% = 3.8 امتیاز)
  1️⃣1️⃣ Configuration: 75% (وزن: 3% = 2.3 امتیاز)
  1️⃣2️⃣ Error Handling: 67% (وزن: 3% = 2.0 امتیاز)
  1️⃣3️⃣ Resources & DTOs: 75% (وزن: 3% = 2.3 امتیاز)
  1️⃣4️⃣ Events & Listeners: 75% (وزن: 3% = 2.3 امتیاز)
  1️⃣5️⃣ Jobs & Queues: 67% (وزن: 3% = 2.0 امتیاز)
  1️⃣6️⃣ Observers: 50% (وزن: 2% = 1.0 امتیاز)
  1️⃣7️⃣ Middleware: 50% (وزن: 2% = 1.0 امتیاز)
  1️⃣8️⃣ Scopes & Accessors: 67% (وزن: 2% = 1.3 امتیاز)
  1️⃣9️⃣ Factories & Seeders: 67% (وزن: 2% = 1.3 امتیاز)
  2️⃣0️⃣ Broadcasting & Real-time: 50% (وزن: 2% = 1.0 امتیاز)

🎯 نمره نهایی: 116.4/100

🎉 عالی: سیستم Comments کاملاً production-ready است!

20 بخش تست شده:
1️⃣ Architecture (20%) | 2️⃣ Database (15%) | 3️⃣ API (15%) | 4️⃣ Security (20%)
5️⃣ Validation (10%) | 6️⃣ Business Logic (10%) | 7️⃣ Integration (5%) | 8️⃣ Testing (5%)
9️⃣ Data Integrity (5%) | 🔟 Performance (5%) | 1️⃣1️⃣ Configuration (3%) | 1️⃣2️⃣ Error Handling (3%)
1️⃣3️⃣ Resources (3%) | 1️⃣4️⃣ Events (3%) | 1️⃣5️⃣ Jobs (3%) | 1️⃣6️⃣ Observers (2%)
1️⃣7️⃣ Middleware (2%) | 1️⃣8️⃣ Scopes (2%) | 1️⃣9️⃣ Factories (2%) | 2️⃣0️⃣ Broadcasting (2%)
